Twilio client initialized successfully.
Twilio client initialized successfully.
Twilio client initialized successfully.
Twilio client initialized successfully.
Twilio client initialized successfully.
Twilio client initialized successfully.
Twilio client initialized successfully.
Twilio client initialized successfully.
Twilio client initialized successfully.
Twilio client initialized successfully.
Twilio client initialized successfully.
Twilio client initialized successfully.
Twilio client initialized successfully.
Twilio client initialized successfully.
Twilio client initialized successfully.
Twilio client initialized successfully.
Twilio client initialized successfully.
Twilio client initialized successfully.
Twilio client initialized successfully.
Twilio client initialized successfully.
Twilio client initialized successfully.
Twilio client initialized successfully.
Twilio client initialized successfully.
Twilio client initialized successfully.
Twilio client initialized successfully.
Twilio client initialized successfully.
Twilio client initialized successfully.
Twilio client initialized successfully.
Twilio client initialized successfully.
Twilio client initialized successfully.
Twilio client initialized successfully.
Twilio client initialized successfully.
Twilio client initialized successfully.
Twilio client initialized successfully.
Twilio client initialized successfully.
Twilio client initialized successfully.
Twilio client initialized successfully.
Twilio client initialized successfully.
Twilio client initialized successfully.
Twilio client initialized successfully.
Twilio client initialized successfully.
Twilio client initialized successfully.
Twilio client initialized successfully.
Twilio client initialized successfully.
Twilio client initialized successfully.
Twilio client initialized successfully.
Twilio client initialized successfully.
Twilio client initialized successfully.
Twilio client initialized successfully.
Twilio client initialized successfully.
Twilio client initialized successfully.
Twilio client initialized successfully.
Twilio client initialized successfully.
Twilio client initialized successfully.
Twilio client initialized successfully.
  [1m[35m (107.0ms)[0m  [1m[35mCREATE DATABASE "shop_on_rails_development" ENCODING = 'unicode' /*application='ShopOnRails'*/[0m
Twilio client initialized successfully.
  [1m[35m (106.6ms)[0m  [1m[35mCREATE DATABASE "shop_on_rails_development" ENCODING = 'unicode' /*application='ShopOnRails'*/[0m
Twilio client initialized successfully.
  [1m[35m (105.8ms)[0m  [1m[35mCREATE DATABASE "shop_on_rails_development" ENCODING = 'unicode' /*application='ShopOnRails'*/[0m
Twilio client initialized successfully.
  [1m[35m (107.2ms)[0m  [1m[35mCREATE DATABASE "shop_on_rails_development" ENCODING = 'unicode' /*application='ShopOnRails'*/[0m
Twilio client initialized successfully.
  [1m[35m (107.3ms)[0m  [1m[35mCREATE DATABASE "shop_on_rails_development" ENCODING = 'unicode' /*application='ShopOnRails'*/[0m
Twilio client initialized successfully.
Twilio client initialized successfully.
  [1m[35m (106.2ms)[0m  [1m[35mCREATE DATABASE "shop_on_rails_development" ENCODING = 'unicode' /*application='ShopOnRails'*/[0m
Twilio client initialized successfully.
Twilio client initialized successfully.
  [1m[35m (0.4ms)[0m  [1m[34mSELECT pg_try_advisory_lock(4042432855537643385) /*application='ShopOnRails'*/[0m
  [1m[36mActiveRecord::SchemaMigration Load (2.3ms)[0m  [1m[34mSELECT "schema_migrations"."version" FROM "schema_migrations" ORDER BY "schema_migrations"."version" ASC /*application='ShopOnRails'*/[0m
  [1m[36mActiveRecord::InternalMetadata Load (2.7ms)[0m  [1m[34mSELECT * FROM "ar_internal_metadata" WHERE "ar_internal_metadata"."key" = 'environment' ORDER BY "ar_internal_metadata"."key" ASC LIMIT 1 /*application='ShopOnRails'*/[0m
  [1m[35m (0.4ms)[0m  [1m[34mSELECT pg_advisory_unlock(4042432855537643385) /*application='ShopOnRails'*/[0m
  [1m[36mActiveRecord::SchemaMigration Load (0.3ms)[0m  [1m[34mSELECT "schema_migrations"."version" FROM "schema_migrations" ORDER BY "schema_migrations"."version" ASC /*application='ShopOnRails'*/[0m
Twilio client initialized successfully.
  [1m[35mSQL (0.2ms)[0m  [1m[35mSET search_path TO public /*application='ShopOnRails'*/[0m
  [1m[35m (55.5ms)[0m  [1m[35mCREATE DATABASE "shop_on_rails_development" ENCODING = 'unicode' /*application='ShopOnRails'*/[0m
  [1m[35mSQL (0.2ms)[0m  [1m[35mSET search_path TO public /*application='ShopOnRails'*/[0m
  [1m[35m (13.5ms)[0m  [1m[35mCREATE DATABASE "shop_on_rails_test" ENCODING = 'unicode' /*application='ShopOnRails'*/[0m
Twilio client initialized successfully.
  [1m[35m (0.4ms)[0m  [1m[34mSELECT pg_try_advisory_lock(4042432855537643385) /*application='ShopOnRails'*/[0m
  [1m[36mActiveRecord::SchemaMigration Load (1.7ms)[0m  [1m[34mSELECT "schema_migrations"."version" FROM "schema_migrations" ORDER BY "schema_migrations"."version" ASC /*application='ShopOnRails'*/[0m
  [1m[36mActiveRecord::InternalMetadata Load (1.5ms)[0m  [1m[34mSELECT * FROM "ar_internal_metadata" WHERE "ar_internal_metadata"."key" = 'environment' ORDER BY "ar_internal_metadata"."key" ASC LIMIT 1 /*application='ShopOnRails'*/[0m
  [1m[35m (0.3ms)[0m  [1m[34mSELECT pg_advisory_unlock(4042432855537643385) /*application='ShopOnRails'*/[0m
  [1m[36mActiveRecord::SchemaMigration Load (0.3ms)[0m  [1m[34mSELECT "schema_migrations"."version" FROM "schema_migrations" ORDER BY "schema_migrations"."version" ASC /*application='ShopOnRails'*/[0m
Twilio client initialized successfully.
  [1m[36mActiveRecord::SchemaMigration Load (1.2ms)[0m  [1m[34mSELECT "schema_migrations"."version" FROM "schema_migrations" ORDER BY "schema_migrations"."version" ASC /*application='ShopOnRails'*/[0m
Twilio client initialized successfully.
  [1m[35m (0.2ms)[0m  [1m[34mSELECT pg_try_advisory_lock(4042432855537643385) /*application='ShopOnRails'*/[0m
  [1m[36mActiveRecord::SchemaMigration Load (1.0ms)[0m  [1m[34mSELECT "schema_migrations"."version" FROM "schema_migrations" ORDER BY "schema_migrations"."version" ASC /*application='ShopOnRails'*/[0m
  [1m[36mActiveRecord::InternalMetadata Load (1.0ms)[0m  [1m[34mSELECT * FROM "ar_internal_metadata" WHERE "ar_internal_metadata"."key" = 'environment' ORDER BY "ar_internal_metadata"."key" ASC LIMIT 1 /*application='ShopOnRails'*/[0m
  [1m[35m (0.3ms)[0m  [1m[34mSELECT pg_advisory_unlock(4042432855537643385) /*application='ShopOnRails'*/[0m
  [1m[36mActiveRecord::SchemaMigration Load (0.2ms)[0m  [1m[34mSELECT "schema_migrations"."version" FROM "schema_migrations" ORDER BY "schema_migrations"."version" ASC /*application='ShopOnRails'*/[0m
Twilio client initialized successfully.
  [1m[35m (0.4ms)[0m  [1m[34mSELECT pg_try_advisory_lock(4042432855537643385) /*application='ShopOnRails'*/[0m
  [1m[36mActiveRecord::SchemaMigration Load (1.3ms)[0m  [1m[34mSELECT "schema_migrations"."version" FROM "schema_migrations" ORDER BY "schema_migrations"."version" ASC /*application='ShopOnRails'*/[0m
  [1m[36mActiveRecord::InternalMetadata Load (1.6ms)[0m  [1m[34mSELECT * FROM "ar_internal_metadata" WHERE "ar_internal_metadata"."key" = 'environment' ORDER BY "ar_internal_metadata"."key" ASC LIMIT 1 /*application='ShopOnRails'*/[0m
  [1m[35m (0.3ms)[0m  [1m[34mSELECT pg_advisory_unlock(4042432855537643385) /*application='ShopOnRails'*/[0m
  [1m[36mActiveRecord::SchemaMigration Load (0.3ms)[0m  [1m[34mSELECT "schema_migrations"."version" FROM "schema_migrations" ORDER BY "schema_migrations"."version" ASC /*application='ShopOnRails'*/[0m
Twilio client initialized successfully.
  [1m[35m (0.3ms)[0m  [1m[34mSELECT pg_try_advisory_lock(4042432855537643385) /*application='ShopOnRails'*/[0m
  [1m[36mActiveRecord::SchemaMigration Load (1.6ms)[0m  [1m[34mSELECT "schema_migrations"."version" FROM "schema_migrations" ORDER BY "schema_migrations"."version" ASC /*application='ShopOnRails'*/[0m
  [1m[36mActiveRecord::InternalMetadata Load (1.5ms)[0m  [1m[34mSELECT * FROM "ar_internal_metadata" WHERE "ar_internal_metadata"."key" = 'environment' ORDER BY "ar_internal_metadata"."key" ASC LIMIT 1 /*application='ShopOnRails'*/[0m
  [1m[35m (0.3ms)[0m  [1m[34mSELECT pg_advisory_unlock(4042432855537643385) /*application='ShopOnRails'*/[0m
  [1m[36mActiveRecord::SchemaMigration Load (0.3ms)[0m  [1m[34mSELECT "schema_migrations"."version" FROM "schema_migrations" ORDER BY "schema_migrations"."version" ASC /*application='ShopOnRails'*/[0m
Twilio client initialized successfully.
  [1m[36mActiveRecord::SchemaMigration Load (1.7ms)[0m  [1m[34mSELECT "schema_migrations"."version" FROM "schema_migrations" ORDER BY "schema_migrations"."version" ASC /*application='ShopOnRails'*/[0m
  [1m[36mActiveRecord::InternalMetadata Load (1.6ms)[0m  [1m[34mSELECT * FROM "ar_internal_metadata" WHERE "ar_internal_metadata"."key" = 'environment' ORDER BY "ar_internal_metadata"."key" ASC LIMIT 1 /*application='ShopOnRails'*/[0m
  [1m[36mActiveRecord::SchemaMigration Load (0.3ms)[0m  [1m[34mSELECT "schema_migrations"."version" FROM "schema_migrations" ORDER BY "schema_migrations"."version" ASC /*application='ShopOnRails'*/[0m
  [1m[36mActiveRecord::InternalMetadata Load (0.3ms)[0m  [1m[34mSELECT * FROM "ar_internal_metadata" WHERE "ar_internal_metadata"."key" = 'environment' ORDER BY "ar_internal_metadata"."key" ASC LIMIT 1 /*application='ShopOnRails'*/[0m
  [1m[36mActiveRecord::SchemaMigration Load (0.3ms)[0m  [1m[34mSELECT "schema_migrations"."version" FROM "schema_migrations" ORDER BY "schema_migrations"."version" ASC /*application='ShopOnRails'*/[0m
  [1m[36mActiveRecord::InternalMetadata Load (0.3ms)[0m  [1m[34mSELECT * FROM "ar_internal_metadata" WHERE "ar_internal_metadata"."key" = 'environment' ORDER BY "ar_internal_metadata"."key" ASC LIMIT 1 /*application='ShopOnRails'*/[0m
  [1m[35mSQL (0.2ms)[0m  [1m[35mSET search_path TO public /*application='ShopOnRails'*/[0m
  [1m[35m (53.0ms)[0m  [1m[35mDROP DATABASE IF EXISTS "shop_on_rails_test" /*application='ShopOnRails'*/[0m
  [1m[35m (52.2ms)[0m  [1m[35mCREATE DATABASE "shop_on_rails_test" ENCODING = 'unicode' /*application='ShopOnRails'*/[0m
  [1m[35mSQL (24.4ms)[0m  [1m[35mCREATE EXTENSION IF NOT EXISTS "plpgsql" SCHEMA pg_catalog /*application='ShopOnRails'*/[0m
  [1m[35m (0.4ms)[0m  [1m[35mDROP TABLE IF EXISTS "activation_codes" CASCADE /*application='ShopOnRails'*/[0m
  [1m[35m (11.6ms)[0m  [1m[35mCREATE TABLE "activation_codes" ("id" bigserial primary key, "user_id" bigint NOT NULL, "code" character varying NOT NULL, "expires_at" timestamp(6) NOT NULL, "created_at" timestamp(6) NOT NULL, "updated_at" timestamp(6) NOT NULL) /*application='ShopOnRails'*/[0m
  [1m[35m (7.6ms)[0m  [1m[35mCREATE UNIQUE INDEX "index_activation_codes_on_code" ON "activation_codes" ("code") /*application='ShopOnRails'*/[0m
  [1m[35m (3.8ms)[0m  [1m[35mCREATE INDEX "index_activation_codes_on_user_id" ON "activation_codes" ("user_id") /*application='ShopOnRails'*/[0m
  [1m[35m (0.3ms)[0m  [1m[35mDROP TABLE IF EXISTS "active_storage_attachments" CASCADE /*application='ShopOnRails'*/[0m
  [1m[35m (7.2ms)[0m  [1m[35mCREATE TABLE "active_storage_attachments" ("id" uuid DEFAULT gen_random_uuid() NOT NULL PRIMARY KEY, "name" character varying NOT NULL, "record_type" character varying NOT NULL, "record_id" uuid NOT NULL, "blob_id" uuid NOT NULL, "created_at" timestamp(6) NOT NULL) /*application='ShopOnRails'*/[0m
  [1m[35m (3.8ms)[0m  [1m[35mCREATE INDEX "index_active_storage_attachments_on_blob_id" ON "active_storage_attachments" ("blob_id") /*application='ShopOnRails'*/[0m
  [1m[35m (3.9ms)[0m  [1m[35mCREATE UNIQUE INDEX "index_active_storage_attachments_uniqueness" ON "active_storage_attachments" ("record_type", "record_id", "name", "blob_id") /*application='ShopOnRails'*/[0m
  [1m[35m (0.3ms)[0m  [1m[35mDROP TABLE IF EXISTS "active_storage_blobs" CASCADE /*application='ShopOnRails'*/[0m
  [1m[35m (7.1ms)[0m  [1m[35mCREATE TABLE "active_storage_blobs" ("id" uuid DEFAULT gen_random_uuid() NOT NULL PRIMARY KEY, "key" character varying NOT NULL, "filename" character varying NOT NULL, "content_type" character varying, "metadata" text, "service_name" character varying NOT NULL, "byte_size" bigint NOT NULL, "checksum" character varying, "created_at" timestamp(6) NOT NULL) /*application='ShopOnRails'*/[0m
  [1m[35m (3.7ms)[0m  [1m[35mCREATE UNIQUE INDEX "index_active_storage_blobs_on_key" ON "active_storage_blobs" ("key") /*application='ShopOnRails'*/[0m
  [1m[35m (0.3ms)[0m  [1m[35mDROP TABLE IF EXISTS "active_storage_variant_records" CASCADE /*application='ShopOnRails'*/[0m
  [1m[35m (6.6ms)[0m  [1m[35mCREATE TABLE "active_storage_variant_records" ("id" uuid DEFAULT gen_random_uuid() NOT NULL PRIMARY KEY, "blob_id" uuid NOT NULL, "variation_digest" character varying NOT NULL) /*application='ShopOnRails'*/[0m
  [1m[35m (3.8ms)[0m  [1m[35mCREATE UNIQUE INDEX "index_active_storage_variant_records_uniqueness" ON "active_storage_variant_records" ("blob_id", "variation_digest") /*application='ShopOnRails'*/[0m
  [1m[35m (0.2ms)[0m  [1m[35mDROP TABLE IF EXISTS "blacklisted_tokens" CASCADE /*application='ShopOnRails'*/[0m
  [1m[35m (7.0ms)[0m  [1m[35mCREATE TABLE "blacklisted_tokens" ("id" bigserial primary key, "token" character varying NOT NULL, "owner_id" bigint NOT NULL, "expires_at" timestamp(6) NOT NULL, "created_at" timestamp(6) NOT NULL, "updated_at" timestamp(6) NOT NULL) /*application='ShopOnRails'*/[0m
  [1m[35m (4.0ms)[0m  [1m[35mCREATE INDEX "index_blacklisted_tokens_on_expires_at" ON "blacklisted_tokens" ("expires_at") /*application='ShopOnRails'*/[0m
  [1m[35m (3.6ms)[0m  [1m[35mCREATE INDEX "index_blacklisted_tokens_on_owner_id" ON "blacklisted_tokens" ("owner_id") /*application='ShopOnRails'*/[0m
  [1m[35m (3.6ms)[0m  [1m[35mCREATE UNIQUE INDEX "index_blacklisted_tokens_on_token" ON "blacklisted_tokens" ("token") /*application='ShopOnRails'*/[0m
  [1m[35m (0.3ms)[0m  [1m[35mDROP TABLE IF EXISTS "comments" CASCADE /*application='ShopOnRails'*/[0m
  [1m[35m (7.3ms)[0m  [1m[35mCREATE TABLE "comments" ("id" bigserial primary key, "product_id" uuid NOT NULL, "user_id" bigint NOT NULL, "content" text NOT NULL, "parent_id" bigint, "replies_count" integer DEFAULT 0 NOT NULL, "created_at" timestamp(6) NOT NULL, "updated_at" timestamp(6) NOT NULL) /*application='ShopOnRails'*/[0m
  [1m[35m (3.8ms)[0m  [1m[35mCREATE INDEX "index_comments_on_parent_id" ON "comments" ("parent_id") /*application='ShopOnRails'*/[0m
  [1m[35m (3.6ms)[0m  [1m[35mCREATE INDEX "index_comments_on_product_id" ON "comments" ("product_id") /*application='ShopOnRails'*/[0m
  [1m[35m (3.7ms)[0m  [1m[35mCREATE INDEX "index_comments_on_user_id" ON "comments" ("user_id") /*application='ShopOnRails'*/[0m
  [1m[35m (0.3ms)[0m  [1m[35mDROP TABLE IF EXISTS "entrepreneur_details" CASCADE /*application='ShopOnRails'*/[0m
  [1m[35m (8.2ms)[0m  [1m[35mCREATE TABLE "entrepreneur_details" ("id" bigserial primary key, "user_detail_id" bigint NOT NULL, "business_name" character varying, "nip" character varying, "krs" character varying, "description" text, "offer" text, "income" float, "costs" float, "funding_capital" float, "industry" character varying, "management_council_members" jsonb, "decision_makers" jsonb, "business_phone_number" character varying, "business_mail" character varying, "website_address" character varying, "created_at" timestamp(6) NOT NULL, "updated_at" timestamp(6) NOT NULL) /*application='ShopOnRails'*/[0m
  [1m[35m (6.9ms)[0m  [1m[35mCREATE UNIQUE INDEX "index_entrepreneur_details_on_krs" ON "entrepreneur_details" ("krs") /*application='ShopOnRails'*/[0m
  [1m[35m (3.9ms)[0m  [1m[35mCREATE UNIQUE INDEX "index_entrepreneur_details_on_nip" ON "entrepreneur_details" ("nip") /*application='ShopOnRails'*/[0m
  [1m[35m (4.1ms)[0m  [1m[35mCREATE UNIQUE INDEX "index_entrepreneur_details_on_user_detail_id" ON "entrepreneur_details" ("user_detail_id") /*application='ShopOnRails'*/[0m
  [1m[35m (0.4ms)[0m  [1m[35mDROP TABLE IF EXISTS "items" CASCADE /*application='ShopOnRails'*/[0m
  [1m[35m (5.5ms)[0m  [1m[35mCREATE TABLE "items" ("id" bigserial primary key, "order_id" bigint, "user_id" bigint, "product_id" uuid NOT NULL, "quantity" integer DEFAULT 1 NOT NULL, "price_at_purchase" decimal(10,2) NOT NULL, "created_at" timestamp(6) NOT NULL, "updated_at" timestamp(6) NOT NULL) /*application='ShopOnRails'*/[0m
  [1m[35m (4.1ms)[0m  [1m[35mCREATE INDEX "index_items_on_order_id" ON "items" ("order_id") /*application='ShopOnRails'*/[0m
  [1m[35m (3.9ms)[0m  [1m[35mCREATE INDEX "index_items_on_product_id" ON "items" ("product_id") /*application='ShopOnRails'*/[0m
  [1m[35m (4.1ms)[0m  [1m[35mCREATE INDEX "index_items_on_user_id" ON "items" ("user_id") /*application='ShopOnRails'*/[0m
  [1m[35m (0.3ms)[0m  [1m[35mDROP TABLE IF EXISTS "locations" CASCADE /*application='ShopOnRails'*/[0m
  [1m[35m (8.3ms)[0m  [1m[35mCREATE TABLE "locations" ("id" bigserial primary key, "user_detail_id" bigint NOT NULL, "country" character varying NOT NULL, "province" character varying NOT NULL, "city" character varying NOT NULL, "postal_code" character varying NOT NULL, "street" character varying, "building_number" integer, "apartment_number" integer, "created_at" timestamp(6) NOT NULL, "updated_at" timestamp(6) NOT NULL) /*application='ShopOnRails'*/[0m
  [1m[35m (4.1ms)[0m  [1m[35mCREATE INDEX "index_locations_on_user_detail_id" ON "locations" ("user_detail_id") /*application='ShopOnRails'*/[0m
  [1m[35m (0.3ms)[0m  [1m[35mDROP TABLE IF EXISTS "orders" CASCADE /*application='ShopOnRails'*/[0m
  [1m[35m (8.2ms)[0m  [1m[35mCREATE TABLE "orders" ("id" bigserial primary key, "user_id" bigint NOT NULL, "total_amount" decimal(10,2) DEFAULT 0.0, "status" integer DEFAULT 0, "payment_status" integer DEFAULT 0, "order_date" timestamp(6) NOT NULL, "delivery_address" text, "created_at" timestamp(6) NOT NULL, "updated_at" timestamp(6) NOT NULL) /*application='ShopOnRails'*/[0m
  [1m[35m (5.3ms)[0m  [1m[35mCREATE INDEX "index_orders_on_user_id" ON "orders" ("user_id") /*application='ShopOnRails'*/[0m
  [1m[35m (0.4ms)[0m  [1m[35mDROP TABLE IF EXISTS "payments" CASCADE /*application='ShopOnRails'*/[0m
  [1m[35m (5.4ms)[0m  [1m[35mCREATE TABLE "payments" ("id" bigserial primary key, "created_at" timestamp(6) NOT NULL, "updated_at" timestamp(6) NOT NULL) /*application='ShopOnRails'*/[0m
  [1m[35m (0.4ms)[0m  [1m[35mDROP TABLE IF EXISTS "product_likes" CASCADE /*application='ShopOnRails'*/[0m
  [1m[35m (5.8ms)[0m  [1m[35mCREATE TABLE "product_likes" ("id" bigserial primary key, "created_at" timestamp(6) NOT NULL, "updated_at" timestamp(6) NOT NULL) /*application='ShopOnRails'*/[0m
  [1m[35m (0.3ms)[0m  [1m[35mDROP TABLE IF EXISTS "product_photos" CASCADE /*application='ShopOnRails'*/[0m
  [1m[35m (5.1ms)[0m  [1m[35mCREATE TABLE "product_photos" ("id" uuid DEFAULT gen_random_uuid() NOT NULL PRIMARY KEY, "product_id" uuid, "created_at" timestamp(6) NOT NULL, "updated_at" timestamp(6) NOT NULL) /*application='ShopOnRails'*/[0m
  [1m[35m (4.3ms)[0m  [1m[35mCREATE INDEX "index_product_photos_on_product_id" ON "product_photos" ("product_id") /*application='ShopOnRails'*/[0m
  [1m[35m (0.4ms)[0m  [1m[35mDROP TABLE IF EXISTS "product_rates" CASCADE /*application='ShopOnRails'*/[0m
  [1m[35m (9.1ms)[0m  [1m[35mCREATE TABLE "product_rates" ("id" bigserial primary key, "user_id" bigint NOT NULL, "product_id" uuid NOT NULL, "rating" integer NOT NULL, "comment" text, "created_at" timestamp(6) NOT NULL, "updated_at" timestamp(6) NOT NULL) /*application='ShopOnRails'*/[0m
  [1m[35m (4.6ms)[0m  [1m[35mCREATE INDEX "index_product_rates_on_product_id" ON "product_rates" ("product_id") /*application='ShopOnRails'*/[0m
  [1m[35m (7.3ms)[0m  [1m[35mCREATE UNIQUE INDEX "index_product_rates_on_user_id_and_product_id" ON "product_rates" ("user_id", "product_id") /*application='ShopOnRails'*/[0m
  [1m[35m (4.1ms)[0m  [1m[35mCREATE INDEX "index_product_rates_on_user_id" ON "product_rates" ("user_id") /*application='ShopOnRails'*/[0m
  [1m[35m (0.4ms)[0m  [1m[35mDROP TABLE IF EXISTS "products" CASCADE /*application='ShopOnRails'*/[0m
  [1m[35m (12.7ms)[0m  [1m[35mCREATE TABLE "products" ("id" uuid DEFAULT gen_random_uuid() NOT NULL PRIMARY KEY, "name" character varying, "price" decimal(10,2), "description" text, "created_at" timestamp(6) NOT NULL, "updated_at" timestamp(6) NOT NULL) /*application='ShopOnRails'*/[0m
  [1m[35m (0.4ms)[0m  [1m[35mDROP TABLE IF EXISTS "reset_codes" CASCADE /*application='ShopOnRails'*/[0m
  [1m[35m (9.0ms)[0m  [1m[35mCREATE TABLE "reset_codes" ("id" bigserial primary key, "user_id" bigint NOT NULL, "code" character varying NOT NULL, "expires_at" timestamp(6) NOT NULL, "created_at" timestamp(6) NOT NULL, "updated_at" timestamp(6) NOT NULL) /*application='ShopOnRails'*/[0m
  [1m[35m (4.4ms)[0m  [1m[35mCREATE UNIQUE INDEX "index_reset_codes_on_code" ON "reset_codes" ("code") /*application='ShopOnRails'*/[0m
  [1m[35m (4.3ms)[0m  [1m[35mCREATE INDEX "index_reset_codes_on_user_id" ON "reset_codes" ("user_id") /*application='ShopOnRails'*/[0m
  [1m[35m (0.5ms)[0m  [1m[35mDROP TABLE IF EXISTS "second_factor_codes" CASCADE /*application='ShopOnRails'*/[0m
  [1m[35m (8.7ms)[0m  [1m[35mCREATE TABLE "second_factor_codes" ("id" bigserial primary key, "user_id" bigint NOT NULL, "code" character varying NOT NULL, "expires_at" timestamp(6) NOT NULL, "created_at" timestamp(6) NOT NULL, "updated_at" timestamp(6) NOT NULL) /*application='ShopOnRails'*/[0m
  [1m[35m (4.3ms)[0m  [1m[35mCREATE UNIQUE INDEX "index_second_factor_codes_on_code" ON "second_factor_codes" ("code") /*application='ShopOnRails'*/[0m
  [1m[35m (4.3ms)[0m  [1m[35mCREATE INDEX "index_second_factor_codes_on_user_id" ON "second_factor_codes" ("user_id") /*application='ShopOnRails'*/[0m
  [1m[35m (0.5ms)[0m  [1m[35mDROP TABLE IF EXISTS "user_actions" CASCADE /*application='ShopOnRails'*/[0m
  [1m[35m (8.6ms)[0m  [1m[35mCREATE TABLE "user_actions" ("id" bigserial primary key, "user_id" bigint NOT NULL, "action_type" character varying NOT NULL, "action" character varying NOT NULL, "details" text, "created_at" timestamp(6) NOT NULL, "updated_at" timestamp(6) NOT NULL) /*application='ShopOnRails'*/[0m
  [1m[35m (4.2ms)[0m  [1m[35mCREATE INDEX "index_user_actions_on_user_id" ON "user_actions" ("user_id") /*application='ShopOnRails'*/[0m
  [1m[35m (0.4ms)[0m  [1m[35mDROP TABLE IF EXISTS "user_details" CASCADE /*application='ShopOnRails'*/[0m
  [1m[35m (11.6ms)[0m  [1m[35mCREATE TABLE "user_details" ("id" bigserial primary key, "name" character varying NOT NULL, "first_name" character varying, "last_name" character varying, "user_id" bigint NOT NULL, "created_at" timestamp(6) NOT NULL, "updated_at" timestamp(6) NOT NULL) /*application='ShopOnRails'*/[0m
  [1m[35m (4.1ms)[0m  [1m[35mCREATE UNIQUE INDEX "index_user_details_on_user_id" ON "user_details" ("user_id") /*application='ShopOnRails'*/[0m
  [1m[35m (0.4ms)[0m  [1m[35mDROP TABLE IF EXISTS "user_settings" CASCADE /*application='ShopOnRails'*/[0m
  [1m[35m (5.9ms)[0m  [1m[35mCREATE TABLE "user_settings" ("id" bigserial primary key, "two_factor" boolean DEFAULT FALSE NOT NULL, "night_mode" boolean DEFAULT FALSE NOT NULL, "user_id" bigint NOT NULL, "created_at" timestamp(6) NOT NULL, "updated_at" timestamp(6) NOT NULL) /*application='ShopOnRails'*/[0m
  [1m[35m (3.6ms)[0m  [1m[35mCREATE UNIQUE INDEX "index_user_settings_on_user_id" ON "user_settings" ("user_id") /*application='ShopOnRails'*/[0m
  [1m[35m (0.3ms)[0m  [1m[35mDROP TABLE IF EXISTS "users" CASCADE /*application='ShopOnRails'*/[0m
  [1m[35m (8.5ms)[0m  [1m[35mCREATE TABLE "users" ("id" bigserial primary key, "mail" character varying NOT NULL, "password_digest" character varying NOT NULL, "phone" character varying, "role" integer NOT NULL, "active" boolean DEFAULT FALSE NOT NULL, "verified" boolean DEFAULT FALSE NOT NULL, "two_factor_enabled" boolean DEFAULT FALSE NOT NULL, "created_at" timestamp(6) NOT NULL, "updated_at" timestamp(6) NOT NULL) /*application='ShopOnRails'*/[0m
  [1m[35m (3.9ms)[0m  [1m[35mCREATE UNIQUE INDEX "index_users_on_mail" ON "users" ("mail") /*application='ShopOnRails'*/[0m
  [1m[35m (4.0ms)[0m  [1m[35mCREATE UNIQUE INDEX "index_users_on_phone" ON "users" ("phone") /*application='ShopOnRails'*/[0m
  [1m[35m (0.4ms)[0m  [1m[35mDROP TABLE IF EXISTS "verification_codes" CASCADE /*application='ShopOnRails'*/[0m
  [1m[35m (8.4ms)[0m  [1m[35mCREATE TABLE "verification_codes" ("id" bigserial primary key, "user_id" bigint NOT NULL, "code" character varying NOT NULL, "expires_at" timestamp(6) NOT NULL, "created_at" timestamp(6) NOT NULL, "updated_at" timestamp(6) NOT NULL) /*application='ShopOnRails'*/[0m
  [1m[35m (4.2ms)[0m  [1m[35mCREATE UNIQUE INDEX "index_verification_codes_on_code" ON "verification_codes" ("code") /*application='ShopOnRails'*/[0m
  [1m[35m (4.1ms)[0m  [1m[35mCREATE INDEX "index_verification_codes_on_user_id" ON "verification_codes" ("user_id") /*application='ShopOnRails'*/[0m
  [1m[35m (4.1ms)[0m  [1m[35mALTER TABLE "activation_codes" ADD CONSTRAINT "fk_rails_708977e2f8"
FOREIGN KEY ("user_id")
  REFERENCES "users" ("id")
 /*application='ShopOnRails'*/[0m
  [1m[35m (3.4ms)[0m  [1m[35mALTER TABLE "active_storage_attachments" ADD CONSTRAINT "fk_rails_c3b3935057"
FOREIGN KEY ("blob_id")
  REFERENCES "active_storage_blobs" ("id")
 /*application='ShopOnRails'*/[0m
  [1m[35m (3.1ms)[0m  [1m[35mALTER TABLE "active_storage_variant_records" ADD CONSTRAINT "fk_rails_993965df05"
FOREIGN KEY ("blob_id")
  REFERENCES "active_storage_blobs" ("id")
 /*application='ShopOnRails'*/[0m
  [1m[35m (2.9ms)[0m  [1m[35mALTER TABLE "blacklisted_tokens" ADD CONSTRAINT "fk_rails_d1846939df"
FOREIGN KEY ("owner_id")
  REFERENCES "users" ("id")
 /*application='ShopOnRails'*/[0m
  [1m[35m (2.7ms)[0m  [1m[35mALTER TABLE "comments" ADD CONSTRAINT "fk_rails_31554e7034"
FOREIGN KEY ("parent_id")
  REFERENCES "comments" ("id")
 /*application='ShopOnRails'*/[0m
  [1m[35m (2.7ms)[0m  [1m[35mALTER TABLE "comments" ADD CONSTRAINT "fk_rails_a0d280f6e4"
FOREIGN KEY ("product_id")
  REFERENCES "products" ("id")
 /*application='ShopOnRails'*/[0m
  [1m[35m (2.6ms)[0m  [1m[35mALTER TABLE "comments" ADD CONSTRAINT "fk_rails_03de2dc08c"
FOREIGN KEY ("user_id")
  REFERENCES "users" ("id")
 /*application='ShopOnRails'*/[0m
  [1m[35m (3.1ms)[0m  [1m[35mALTER TABLE "entrepreneur_details" ADD CONSTRAINT "fk_rails_d4e8e20c3d"
FOREIGN KEY ("user_detail_id")
  REFERENCES "user_details" ("id")
 /*application='ShopOnRails'*/[0m
  [1m[35m (3.2ms)[0m  [1m[35mALTER TABLE "items" ADD CONSTRAINT "fk_rails_53153f3b4b"
FOREIGN KEY ("order_id")
  REFERENCES "orders" ("id")
 /*application='ShopOnRails'*/[0m
  [1m[35m (2.7ms)[0m  [1m[35mALTER TABLE "items" ADD CONSTRAINT "fk_rails_9a56345cfd"
FOREIGN KEY ("product_id")
  REFERENCES "products" ("id")
 /*application='ShopOnRails'*/[0m
  [1m[35m (2.4ms)[0m  [1m[35mALTER TABLE "items" ADD CONSTRAINT "fk_rails_d4b6334db2"
FOREIGN KEY ("user_id")
  REFERENCES "users" ("id")
 /*application='ShopOnRails'*/[0m
  [1m[35m (2.5ms)[0m  [1m[35mALTER TABLE "locations" ADD CONSTRAINT "fk_rails_97367b7e62"
FOREIGN KEY ("user_detail_id")
  REFERENCES "user_details" ("id")
 /*application='ShopOnRails'*/[0m
  [1m[35m (2.8ms)[0m  [1m[35mALTER TABLE "orders" ADD CONSTRAINT "fk_rails_f868b47f6a"
FOREIGN KEY ("user_id")
  REFERENCES "users" ("id")
 /*application='ShopOnRails'*/[0m
  [1m[35m (2.6ms)[0m  [1m[35mALTER TABLE "product_photos" ADD CONSTRAINT "fk_rails_8910fe3d0f"
FOREIGN KEY ("product_id")
  REFERENCES "products" ("id")
 /*application='ShopOnRails'*/[0m
  [1m[35m (2.8ms)[0m  [1m[35mALTER TABLE "product_rates" ADD CONSTRAINT "fk_rails_3c49a7473c"
FOREIGN KEY ("product_id")
  REFERENCES "products" ("id")
 /*application='ShopOnRails'*/[0m
  [1m[35m (2.5ms)[0m  [1m[35mALTER TABLE "product_rates" ADD CONSTRAINT "fk_rails_ebe5f36a38"
FOREIGN KEY ("user_id")
  REFERENCES "users" ("id")
 /*application='ShopOnRails'*/[0m
  [1m[35m (3.1ms)[0m  [1m[35mALTER TABLE "reset_codes" ADD CONSTRAINT "fk_rails_7cb23abc6e"
FOREIGN KEY ("user_id")
  REFERENCES "users" ("id")
 /*application='ShopOnRails'*/[0m
  [1m[35m (3.4ms)[0m  [1m[35mALTER TABLE "second_factor_codes" ADD CONSTRAINT "fk_rails_2a2d224c64"
FOREIGN KEY ("user_id")
  REFERENCES "users" ("id")
 /*application='ShopOnRails'*/[0m
  [1m[35m (2.6ms)[0m  [1m[35mALTER TABLE "user_actions" ADD CONSTRAINT "fk_rails_03991e1c48"
FOREIGN KEY ("user_id")
  REFERENCES "users" ("id")
 /*application='ShopOnRails'*/[0m
  [1m[35m (2.4ms)[0m  [1m[35mALTER TABLE "user_details" ADD CONSTRAINT "fk_rails_12e0b3043d"
FOREIGN KEY ("user_id")
  REFERENCES "users" ("id")
 /*application='ShopOnRails'*/[0m
  [1m[35m (2.6ms)[0m  [1m[35mALTER TABLE "user_settings" ADD CONSTRAINT "fk_rails_d1371c6356"
FOREIGN KEY ("user_id")
  REFERENCES "users" ("id")
 /*application='ShopOnRails'*/[0m
  [1m[35m (2.9ms)[0m  [1m[35mALTER TABLE "verification_codes" ADD CONSTRAINT "fk_rails_28623a8649"
FOREIGN KEY ("user_id")
  REFERENCES "users" ("id")
 /*application='ShopOnRails'*/[0m
  [1m[35m (7.5ms)[0m  [1m[35mCREATE TABLE "schema_migrations" ("version" character varying NOT NULL PRIMARY KEY) /*application='ShopOnRails'*/[0m
  [1m[36mActiveRecord::SchemaMigration Load (0.8ms)[0m  [1m[34mSELECT "schema_migrations"."version" FROM "schema_migrations" ORDER BY "schema_migrations"."version" ASC /*application='ShopOnRails'*/[0m
  [1m[35m (1.4ms)[0m  [1m[32mINSERT INTO "schema_migrations" (version) VALUES (20250723114315) /*application='ShopOnRails'*/[0m
  [1m[35m (1.4ms)[0m  [1m[32mINSERT INTO "schema_migrations" (version) VALUES
(20250723103105),
(20250723080402),
(20250722204545),
(20250722203201),
(20250722203150),
(20250722203048),
(20250722203038),
(20250722202921),
(20250722202246),
(20250722201944),
(20250722201727),
(20250722201642),
(20250722201559),
(20250722201547),
(20250722201507),
(20250722200003),
(20250626205336),
(20250626204718),
(20250605183843); /*application='ShopOnRails'*/[0m
  [1m[35m (7.6ms)[0m  [1m[35mCREATE TABLE "ar_internal_metadata" ("key" character varying NOT NULL PRIMARY KEY, "value" character varying, "created_at" timestamp(6) NOT NULL, "updated_at" timestamp(6) NOT NULL) /*application='ShopOnRails'*/[0m
  [1m[36mActiveRecord::InternalMetadata Load (1.3ms)[0m  [1m[34mSELECT * FROM "ar_internal_metadata" WHERE "ar_internal_metadata"."key" = 'environment' ORDER BY "ar_internal_metadata"."key" ASC LIMIT 1 /*application='ShopOnRails'*/[0m
  [1m[36mActiveRecord::InternalMetadata Create (1.4ms)[0m  [1m[32mINSERT INTO "ar_internal_metadata" ("key", "value", "created_at", "updated_at") VALUES ('environment', 'development', '2025-07-25 18:40:33.392917', '2025-07-25 18:40:33.392919') RETURNING "key" /*application='ShopOnRails'*/[0m
  [1m[36mActiveRecord::InternalMetadata Load (0.3ms)[0m  [1m[34mSELECT * FROM "ar_internal_metadata" WHERE "ar_internal_metadata"."key" = 'environment' ORDER BY "ar_internal_metadata"."key" ASC LIMIT 1 /*application='ShopOnRails'*/[0m
  [1m[36mActiveRecord::InternalMetadata Update (1.3ms)[0m  [1m[33mUPDATE "ar_internal_metadata" SET "value" = 'test', "updated_at" = '2025-07-25 18:40:33.397068' WHERE "ar_internal_metadata"."key" = 'environment' /*application='ShopOnRails'*/[0m
  [1m[36mActiveRecord::InternalMetadata Load (0.4ms)[0m  [1m[34mSELECT * FROM "ar_internal_metadata" WHERE "ar_internal_metadata"."key" = 'schema_sha1' ORDER BY "ar_internal_metadata"."key" ASC LIMIT 1 /*application='ShopOnRails'*/[0m
  [1m[36mActiveRecord::InternalMetadata Create (1.3ms)[0m  [1m[32mINSERT INTO "ar_internal_metadata" ("key", "value", "created_at", "updated_at") VALUES ('schema_sha1', '215aeeac31fbb75104194ee315d043e410edd027', '2025-07-25 18:40:33.399845', '2025-07-25 18:40:33.399847') RETURNING "key" /*application='ShopOnRails'*/[0m
Twilio client initialized successfully.
  [1m[36mActiveRecord::SchemaMigration Load (1.6ms)[0m  [1m[34mSELECT "schema_migrations"."version" FROM "schema_migrations" ORDER BY "schema_migrations"."version" ASC /*application='ShopOnRails'*/[0m
  [1m[36mActiveRecord::InternalMetadata Load (1.5ms)[0m  [1m[34mSELECT * FROM "ar_internal_metadata" WHERE "ar_internal_metadata"."key" = 'environment' ORDER BY "ar_internal_metadata"."key" ASC LIMIT 1 /*application='ShopOnRails'*/[0m
  [1m[36mActiveRecord::SchemaMigration Load (0.3ms)[0m  [1m[34mSELECT "schema_migrations"."version" FROM "schema_migrations" ORDER BY "schema_migrations"."version" ASC /*application='ShopOnRails'*/[0m
  [1m[36mActiveRecord::InternalMetadata Load (0.3ms)[0m  [1m[34mSELECT * FROM "ar_internal_metadata" WHERE "ar_internal_metadata"."key" = 'environment' ORDER BY "ar_internal_metadata"."key" ASC LIMIT 1 /*application='ShopOnRails'*/[0m
  [1m[36mActiveRecord::SchemaMigration Load (0.3ms)[0m  [1m[34mSELECT "schema_migrations"."version" FROM "schema_migrations" ORDER BY "schema_migrations"."version" ASC /*application='ShopOnRails'*/[0m
  [1m[36mActiveRecord::InternalMetadata Load (0.3ms)[0m  [1m[34mSELECT * FROM "ar_internal_metadata" WHERE "ar_internal_metadata"."key" = 'environment' ORDER BY "ar_internal_metadata"."key" ASC LIMIT 1 /*application='ShopOnRails'*/[0m
  [1m[35mSQL (0.2ms)[0m  [1m[35mSET search_path TO public /*application='ShopOnRails'*/[0m
  [1m[35m (46.4ms)[0m  [1m[35mDROP DATABASE IF EXISTS "shop_on_rails_test" /*application='ShopOnRails'*/[0m
  [1m[35m (48.7ms)[0m  [1m[35mCREATE DATABASE "shop_on_rails_test" ENCODING = 'unicode' /*application='ShopOnRails'*/[0m
  [1m[35mSQL (24.3ms)[0m  [1m[35mCREATE EXTENSION IF NOT EXISTS "plpgsql" SCHEMA pg_catalog /*application='ShopOnRails'*/[0m
  [1m[35m (0.3ms)[0m  [1m[35mDROP TABLE IF EXISTS "activation_codes" CASCADE /*application='ShopOnRails'*/[0m
  [1m[35m (12.5ms)[0m  [1m[35mCREATE TABLE "activation_codes" ("id" bigserial primary key, "user_id" bigint NOT NULL, "code" character varying NOT NULL, "expires_at" timestamp(6) NOT NULL, "created_at" timestamp(6) NOT NULL, "updated_at" timestamp(6) NOT NULL) /*application='ShopOnRails'*/[0m
  [1m[35m (4.7ms)[0m  [1m[35mCREATE UNIQUE INDEX "index_activation_codes_on_code" ON "activation_codes" ("code") /*application='ShopOnRails'*/[0m
  [1m[35m (4.1ms)[0m  [1m[35mCREATE INDEX "index_activation_codes_on_user_id" ON "activation_codes" ("user_id") /*application='ShopOnRails'*/[0m
  [1m[35m (0.3ms)[0m  [1m[35mDROP TABLE IF EXISTS "active_storage_attachments" CASCADE /*application='ShopOnRails'*/[0m
  [1m[35m (8.7ms)[0m  [1m[35mCREATE TABLE "active_storage_attachments" ("id" uuid DEFAULT gen_random_uuid() NOT NULL PRIMARY KEY, "name" character varying NOT NULL, "record_type" character varying NOT NULL, "record_id" uuid NOT NULL, "blob_id" uuid NOT NULL, "created_at" timestamp(6) NOT NULL) /*application='ShopOnRails'*/[0m
  [1m[35m (4.0ms)[0m  [1m[35mCREATE INDEX "index_active_storage_attachments_on_blob_id" ON "active_storage_attachments" ("blob_id") /*application='ShopOnRails'*/[0m
  [1m[35m (4.3ms)[0m  [1m[35mCREATE UNIQUE INDEX "index_active_storage_attachments_uniqueness" ON "active_storage_attachments" ("record_type", "record_id", "name", "blob_id") /*application='ShopOnRails'*/[0m
  [1m[35m (0.3ms)[0m  [1m[35mDROP TABLE IF EXISTS "active_storage_blobs" CASCADE /*application='ShopOnRails'*/[0m
  [1m[35m (8.0ms)[0m  [1m[35mCREATE TABLE "active_storage_blobs" ("id" uuid DEFAULT gen_random_uuid() NOT NULL PRIMARY KEY, "key" character varying NOT NULL, "filename" character varying NOT NULL, "content_type" character varying, "metadata" text, "service_name" character varying NOT NULL, "byte_size" bigint NOT NULL, "checksum" character varying, "created_at" timestamp(6) NOT NULL) /*application='ShopOnRails'*/[0m
  [1m[35m (3.9ms)[0m  [1m[35mCREATE UNIQUE INDEX "index_active_storage_blobs_on_key" ON "active_storage_blobs" ("key") /*application='ShopOnRails'*/[0m
  [1m[35m (0.3ms)[0m  [1m[35mDROP TABLE IF EXISTS "active_storage_variant_records" CASCADE /*application='ShopOnRails'*/[0m
  [1m[35m (7.4ms)[0m  [1m[35mCREATE TABLE "active_storage_variant_records" ("id" uuid DEFAULT gen_random_uuid() NOT NULL PRIMARY KEY, "blob_id" uuid NOT NULL, "variation_digest" character varying NOT NULL) /*application='ShopOnRails'*/[0m
  [1m[35m (4.1ms)[0m  [1m[35mCREATE UNIQUE INDEX "index_active_storage_variant_records_uniqueness" ON "active_storage_variant_records" ("blob_id", "variation_digest") /*application='ShopOnRails'*/[0m
  [1m[35m (0.4ms)[0m  [1m[35mDROP TABLE IF EXISTS "blacklisted_tokens" CASCADE /*application='ShopOnRails'*/[0m
  [1m[35m (8.0ms)[0m  [1m[35mCREATE TABLE "blacklisted_tokens" ("id" bigserial primary key, "token" character varying NOT NULL, "owner_id" bigint NOT NULL, "expires_at" timestamp(6) NOT NULL, "created_at" timestamp(6) NOT NULL, "updated_at" timestamp(6) NOT NULL) /*application='ShopOnRails'*/[0m
  [1m[35m (4.6ms)[0m  [1m[35mCREATE INDEX "index_blacklisted_tokens_on_expires_at" ON "blacklisted_tokens" ("expires_at") /*application='ShopOnRails'*/[0m
  [1m[35m (3.8ms)[0m  [1m[35mCREATE INDEX "index_blacklisted_tokens_on_owner_id" ON "blacklisted_tokens" ("owner_id") /*application='ShopOnRails'*/[0m
  [1m[35m (4.2ms)[0m  [1m[35mCREATE UNIQUE INDEX "index_blacklisted_tokens_on_token" ON "blacklisted_tokens" ("token") /*application='ShopOnRails'*/[0m
  [1m[35m (0.3ms)[0m  [1m[35mDROP TABLE IF EXISTS "comments" CASCADE /*application='ShopOnRails'*/[0m
  [1m[35m (8.4ms)[0m  [1m[35mCREATE TABLE "comments" ("id" bigserial primary key, "product_id" uuid NOT NULL, "user_id" bigint NOT NULL, "content" text NOT NULL, "parent_id" bigint, "replies_count" integer DEFAULT 0 NOT NULL, "created_at" timestamp(6) NOT NULL, "updated_at" timestamp(6) NOT NULL) /*application='ShopOnRails'*/[0m
  [1m[35m (4.2ms)[0m  [1m[35mCREATE INDEX "index_comments_on_parent_id" ON "comments" ("parent_id") /*application='ShopOnRails'*/[0m
  [1m[35m (4.2ms)[0m  [1m[35mCREATE INDEX "index_comments_on_product_id" ON "comments" ("product_id") /*application='ShopOnRails'*/[0m
  [1m[35m (4.3ms)[0m  [1m[35mCREATE INDEX "index_comments_on_user_id" ON "comments" ("user_id") /*application='ShopOnRails'*/[0m
  [1m[35m (0.5ms)[0m  [1m[35mDROP TABLE IF EXISTS "entrepreneur_details" CASCADE /*application='ShopOnRails'*/[0m
  [1m[35m (15.5ms)[0m  [1m[35mCREATE TABLE "entrepreneur_details" ("id" bigserial primary key, "user_detail_id" bigint NOT NULL, "business_name" character varying, "nip" character varying, "krs" character varying, "description" text, "offer" text, "income" float, "costs" float, "funding_capital" float, "industry" character varying, "management_council_members" jsonb, "decision_makers" jsonb, "business_phone_number" character varying, "business_mail" character varying, "website_address" character varying, "created_at" timestamp(6) NOT NULL, "updated_at" timestamp(6) NOT NULL) /*application='ShopOnRails'*/[0m
  [1m[35m (4.5ms)[0m  [1m[35mCREATE UNIQUE INDEX "index_entrepreneur_details_on_krs" ON "entrepreneur_details" ("krs") /*application='ShopOnRails'*/[0m
  [1m[35m (4.4ms)[0m  [1m[35mCREATE UNIQUE INDEX "index_entrepreneur_details_on_nip" ON "entrepreneur_details" ("nip") /*application='ShopOnRails'*/[0m
  [1m[35m (4.2ms)[0m  [1m[35mCREATE UNIQUE INDEX "index_entrepreneur_details_on_user_detail_id" ON "entrepreneur_details" ("user_detail_id") /*application='ShopOnRails'*/[0m
  [1m[35m (0.5ms)[0m  [1m[35mDROP TABLE IF EXISTS "items" CASCADE /*application='ShopOnRails'*/[0m
  [1m[35m (4.8ms)[0m  [1m[35mCREATE TABLE "items" ("id" bigserial primary key, "order_id" bigint, "user_id" bigint, "product_id" uuid NOT NULL, "quantity" integer DEFAULT 1 NOT NULL, "price_at_purchase" decimal(10,2) NOT NULL, "created_at" timestamp(6) NOT NULL, "updated_at" timestamp(6) NOT NULL) /*application='ShopOnRails'*/[0m
  [1m[35m (4.9ms)[0m  [1m[35mCREATE INDEX "index_items_on_order_id" ON "items" ("order_id") /*application='ShopOnRails'*/[0m
  [1m[35m (4.4ms)[0m  [1m[35mCREATE INDEX "index_items_on_product_id" ON "items" ("product_id") /*application='ShopOnRails'*/[0m
  [1m[35m (4.4ms)[0m  [1m[35mCREATE INDEX "index_items_on_user_id" ON "items" ("user_id") /*application='ShopOnRails'*/[0m
  [1m[35m (0.3ms)[0m  [1m[35mDROP TABLE IF EXISTS "locations" CASCADE /*application='ShopOnRails'*/[0m
  [1m[35m (8.2ms)[0m  [1m[35mCREATE TABLE "locations" ("id" bigserial primary key, "user_detail_id" bigint NOT NULL, "country" character varying NOT NULL, "province" character varying NOT NULL, "city" character varying NOT NULL, "postal_code" character varying NOT NULL, "street" character varying, "building_number" integer, "apartment_number" integer, "created_at" timestamp(6) NOT NULL, "updated_at" timestamp(6) NOT NULL) /*application='ShopOnRails'*/[0m
  [1m[35m (3.8ms)[0m  [1m[35mCREATE INDEX "index_locations_on_user_detail_id" ON "locations" ("user_detail_id") /*application='ShopOnRails'*/[0m
  [1m[35m (0.4ms)[0m  [1m[35mDROP TABLE IF EXISTS "orders" CASCADE /*application='ShopOnRails'*/[0m
  [1m[35m (9.0ms)[0m  [1m[35mCREATE TABLE "orders" ("id" bigserial primary key, "user_id" bigint NOT NULL, "total_amount" decimal(10,2) DEFAULT 0.0, "status" integer DEFAULT 0, "payment_status" integer DEFAULT 0, "order_date" timestamp(6) NOT NULL, "delivery_address" text, "created_at" timestamp(6) NOT NULL, "updated_at" timestamp(6) NOT NULL) /*application='ShopOnRails'*/[0m
  [1m[35m (3.9ms)[0m  [1m[35mCREATE INDEX "index_orders_on_user_id" ON "orders" ("user_id") /*application='ShopOnRails'*/[0m
  [1m[35m (0.4ms)[0m  [1m[35mDROP TABLE IF EXISTS "payments" CASCADE /*application='ShopOnRails'*/[0m
  [1m[35m (4.7ms)[0m  [1m[35mCREATE TABLE "payments" ("id" bigserial primary key, "created_at" timestamp(6) NOT NULL, "updated_at" timestamp(6) NOT NULL) /*application='ShopOnRails'*/[0m
  [1m[35m (0.3ms)[0m  [1m[35mDROP TABLE IF EXISTS "product_likes" CASCADE /*application='ShopOnRails'*/[0m
  [1m[35m (4.9ms)[0m  [1m[35mCREATE TABLE "product_likes" ("id" bigserial primary key, "created_at" timestamp(6) NOT NULL, "updated_at" timestamp(6) NOT NULL) /*application='ShopOnRails'*/[0m
  [1m[35m (0.4ms)[0m  [1m[35mDROP TABLE IF EXISTS "product_photos" CASCADE /*application='ShopOnRails'*/[0m
  [1m[35m (5.0ms)[0m  [1m[35mCREATE TABLE "product_photos" ("id" uuid DEFAULT gen_random_uuid() NOT NULL PRIMARY KEY, "product_id" uuid, "created_at" timestamp(6) NOT NULL, "updated_at" timestamp(6) NOT NULL) /*application='ShopOnRails'*/[0m
  [1m[35m (4.0ms)[0m  [1m[35mCREATE INDEX "index_product_photos_on_product_id" ON "product_photos" ("product_id") /*application='ShopOnRails'*/[0m
  [1m[35m (0.3ms)[0m  [1m[35mDROP TABLE IF EXISTS "product_rates" CASCADE /*application='ShopOnRails'*/[0m
  [1m[35m (7.3ms)[0m  [1m[35mCREATE TABLE "product_rates" ("id" bigserial primary key, "user_id" bigint NOT NULL, "product_id" uuid NOT NULL, "rating" integer NOT NULL, "comment" text, "created_at" timestamp(6) NOT NULL, "updated_at" timestamp(6) NOT NULL) /*application='ShopOnRails'*/[0m
  [1m[35m (3.7ms)[0m  [1m[35mCREATE INDEX "index_product_rates_on_product_id" ON "product_rates" ("product_id") /*application='ShopOnRails'*/[0m
  [1m[35m (3.8ms)[0m  [1m[35mCREATE UNIQUE INDEX "index_product_rates_on_user_id_and_product_id" ON "product_rates" ("user_id", "product_id") /*application='ShopOnRails'*/[0m
  [1m[35m (4.2ms)[0m  [1m[35mCREATE INDEX "index_product_rates_on_user_id" ON "product_rates" ("user_id") /*application='ShopOnRails'*/[0m
  [1m[35m (0.3ms)[0m  [1m[35mDROP TABLE IF EXISTS "products" CASCADE /*application='ShopOnRails'*/[0m
  [1m[35m (7.0ms)[0m  [1m[35mCREATE TABLE "products" ("id" uuid DEFAULT gen_random_uuid() NOT NULL PRIMARY KEY, "name" character varying, "price" decimal(10,2), "description" text, "created_at" timestamp(6) NOT NULL, "updated_at" timestamp(6) NOT NULL) /*application='ShopOnRails'*/[0m
  [1m[35m (0.3ms)[0m  [1m[35mDROP TABLE IF EXISTS "reset_codes" CASCADE /*application='ShopOnRails'*/[0m
  [1m[35m (7.5ms)[0m  [1m[35mCREATE TABLE "reset_codes" ("id" bigserial primary key, "user_id" bigint NOT NULL, "code" character varying NOT NULL, "expires_at" timestamp(6) NOT NULL, "created_at" timestamp(6) NOT NULL, "updated_at" timestamp(6) NOT NULL) /*application='ShopOnRails'*/[0m
  [1m[35m (3.8ms)[0m  [1m[35mCREATE UNIQUE INDEX "index_reset_codes_on_code" ON "reset_codes" ("code") /*application='ShopOnRails'*/[0m
  [1m[35m (3.6ms)[0m  [1m[35mCREATE INDEX "index_reset_codes_on_user_id" ON "reset_codes" ("user_id") /*application='ShopOnRails'*/[0m
  [1m[35m (0.3ms)[0m  [1m[35mDROP TABLE IF EXISTS "second_factor_codes" CASCADE /*application='ShopOnRails'*/[0m
  [1m[35m (7.9ms)[0m  [1m[35mCREATE TABLE "second_factor_codes" ("id" bigserial primary key, "user_id" bigint NOT NULL, "code" character varying NOT NULL, "expires_at" timestamp(6) NOT NULL, "created_at" timestamp(6) NOT NULL, "updated_at" timestamp(6) NOT NULL) /*application='ShopOnRails'*/[0m
  [1m[35m (4.1ms)[0m  [1m[35mCREATE UNIQUE INDEX "index_second_factor_codes_on_code" ON "second_factor_codes" ("code") /*application='ShopOnRails'*/[0m
  [1m[35m (3.8ms)[0m  [1m[35mCREATE INDEX "index_second_factor_codes_on_user_id" ON "second_factor_codes" ("user_id") /*application='ShopOnRails'*/[0m
  [1m[35m (0.3ms)[0m  [1m[35mDROP TABLE IF EXISTS "user_actions" CASCADE /*application='ShopOnRails'*/[0m
  [1m[35m (7.4ms)[0m  [1m[35mCREATE TABLE "user_actions" ("id" bigserial primary key, "user_id" bigint NOT NULL, "action_type" character varying NOT NULL, "action" character varying NOT NULL, "details" text, "created_at" timestamp(6) NOT NULL, "updated_at" timestamp(6) NOT NULL) /*application='ShopOnRails'*/[0m
  [1m[35m (3.7ms)[0m  [1m[35mCREATE INDEX "index_user_actions_on_user_id" ON "user_actions" ("user_id") /*application='ShopOnRails'*/[0m
  [1m[35m (0.3ms)[0m  [1m[35mDROP TABLE IF EXISTS "user_details" CASCADE /*application='ShopOnRails'*/[0m
  [1m[35m (7.5ms)[0m  [1m[35mCREATE TABLE "user_details" ("id" bigserial primary key, "name" character varying NOT NULL, "first_name" character varying, "last_name" character varying, "user_id" bigint NOT NULL, "created_at" timestamp(6) NOT NULL, "updated_at" timestamp(6) NOT NULL) /*application='ShopOnRails'*/[0m
  [1m[35m (3.7ms)[0m  [1m[35mCREATE UNIQUE INDEX "index_user_details_on_user_id" ON "user_details" ("user_id") /*application='ShopOnRails'*/[0m
  [1m[35m (0.3ms)[0m  [1m[35mDROP TABLE IF EXISTS "user_settings" CASCADE /*application='ShopOnRails'*/[0m
  [1m[35m (4.9ms)[0m  [1m[35mCREATE TABLE "user_settings" ("id" bigserial primary key, "two_factor" boolean DEFAULT FALSE NOT NULL, "night_mode" boolean DEFAULT FALSE NOT NULL, "user_id" bigint NOT NULL, "created_at" timestamp(6) NOT NULL, "updated_at" timestamp(6) NOT NULL) /*application='ShopOnRails'*/[0m
  [1m[35m (3.9ms)[0m  [1m[35mCREATE UNIQUE INDEX "index_user_settings_on_user_id" ON "user_settings" ("user_id") /*application='ShopOnRails'*/[0m
  [1m[35m (0.3ms)[0m  [1m[35mDROP TABLE IF EXISTS "users" CASCADE /*application='ShopOnRails'*/[0m
  [1m[35m (7.6ms)[0m  [1m[35mCREATE TABLE "users" ("id" bigserial primary key, "mail" character varying NOT NULL, "password_digest" character varying NOT NULL, "phone" character varying, "role" integer NOT NULL, "active" boolean DEFAULT FALSE NOT NULL, "verified" boolean DEFAULT FALSE NOT NULL, "two_factor_enabled" boolean DEFAULT FALSE NOT NULL, "created_at" timestamp(6) NOT NULL, "updated_at" timestamp(6) NOT NULL) /*application='ShopOnRails'*/[0m
  [1m[35m (3.8ms)[0m  [1m[35mCREATE UNIQUE INDEX "index_users_on_mail" ON "users" ("mail") /*application='ShopOnRails'*/[0m
  [1m[35m (3.6ms)[0m  [1m[35mCREATE UNIQUE INDEX "index_users_on_phone" ON "users" ("phone") /*application='ShopOnRails'*/[0m
  [1m[35m (0.3ms)[0m  [1m[35mDROP TABLE IF EXISTS "verification_codes" CASCADE /*application='ShopOnRails'*/[0m
  [1m[35m (7.1ms)[0m  [1m[35mCREATE TABLE "verification_codes" ("id" bigserial primary key, "user_id" bigint NOT NULL, "code" character varying NOT NULL, "expires_at" timestamp(6) NOT NULL, "created_at" timestamp(6) NOT NULL, "updated_at" timestamp(6) NOT NULL) /*application='ShopOnRails'*/[0m
  [1m[35m (3.8ms)[0m  [1m[35mCREATE UNIQUE INDEX "index_verification_codes_on_code" ON "verification_codes" ("code") /*application='ShopOnRails'*/[0m
  [1m[35m (10.8ms)[0m  [1m[35mCREATE INDEX "index_verification_codes_on_user_id" ON "verification_codes" ("user_id") /*application='ShopOnRails'*/[0m
  [1m[35m (3.2ms)[0m  [1m[35mALTER TABLE "activation_codes" ADD CONSTRAINT "fk_rails_708977e2f8"
FOREIGN KEY ("user_id")
  REFERENCES "users" ("id")
 /*application='ShopOnRails'*/[0m
  [1m[35m (2.6ms)[0m  [1m[35mALTER TABLE "active_storage_attachments" ADD CONSTRAINT "fk_rails_c3b3935057"
FOREIGN KEY ("blob_id")
  REFERENCES "active_storage_blobs" ("id")
 /*application='ShopOnRails'*/[0m
  [1m[35m (2.2ms)[0m  [1m[35mALTER TABLE "active_storage_variant_records" ADD CONSTRAINT "fk_rails_993965df05"
FOREIGN KEY ("blob_id")
  REFERENCES "active_storage_blobs" ("id")
 /*application='ShopOnRails'*/[0m
  [1m[35m (2.2ms)[0m  [1m[35mALTER TABLE "blacklisted_tokens" ADD CONSTRAINT "fk_rails_d1846939df"
FOREIGN KEY ("owner_id")
  REFERENCES "users" ("id")
 /*application='ShopOnRails'*/[0m
  [1m[35m (2.3ms)[0m  [1m[35mALTER TABLE "comments" ADD CONSTRAINT "fk_rails_31554e7034"
FOREIGN KEY ("parent_id")
  REFERENCES "comments" ("id")
 /*application='ShopOnRails'*/[0m
  [1m[35m (2.1ms)[0m  [1m[35mALTER TABLE "comments" ADD CONSTRAINT "fk_rails_a0d280f6e4"
FOREIGN KEY ("product_id")
  REFERENCES "products" ("id")
 /*application='ShopOnRails'*/[0m
  [1m[35m (2.0ms)[0m  [1m[35mALTER TABLE "comments" ADD CONSTRAINT "fk_rails_03de2dc08c"
FOREIGN KEY ("user_id")
  REFERENCES "users" ("id")
 /*application='ShopOnRails'*/[0m
  [1m[35m (5.1ms)[0m  [1m[35mALTER TABLE "entrepreneur_details" ADD CONSTRAINT "fk_rails_d4e8e20c3d"
FOREIGN KEY ("user_detail_id")
  REFERENCES "user_details" ("id")
 /*application='ShopOnRails'*/[0m
  [1m[35m (2.5ms)[0m  [1m[35mALTER TABLE "items" ADD CONSTRAINT "fk_rails_53153f3b4b"
FOREIGN KEY ("order_id")
  REFERENCES "orders" ("id")
 /*application='ShopOnRails'*/[0m
  [1m[35m (2.1ms)[0m  [1m[35mALTER TABLE "items" ADD CONSTRAINT "fk_rails_9a56345cfd"
FOREIGN KEY ("product_id")
  REFERENCES "products" ("id")
 /*application='ShopOnRails'*/[0m
  [1m[35m (2.1ms)[0m  [1m[35mALTER TABLE "items" ADD CONSTRAINT "fk_rails_d4b6334db2"
FOREIGN KEY ("user_id")
  REFERENCES "users" ("id")
 /*application='ShopOnRails'*/[0m
  [1m[35m (1.9ms)[0m  [1m[35mALTER TABLE "locations" ADD CONSTRAINT "fk_rails_97367b7e62"
FOREIGN KEY ("user_detail_id")
  REFERENCES "user_details" ("id")
 /*application='ShopOnRails'*/[0m
  [1m[35m (2.2ms)[0m  [1m[35mALTER TABLE "orders" ADD CONSTRAINT "fk_rails_f868b47f6a"
FOREIGN KEY ("user_id")
  REFERENCES "users" ("id")
 /*application='ShopOnRails'*/[0m
  [1m[35m (2.2ms)[0m  [1m[35mALTER TABLE "product_photos" ADD CONSTRAINT "fk_rails_8910fe3d0f"
FOREIGN KEY ("product_id")
  REFERENCES "products" ("id")
 /*application='ShopOnRails'*/[0m
  [1m[35m (2.1ms)[0m  [1m[35mALTER TABLE "product_rates" ADD CONSTRAINT "fk_rails_3c49a7473c"
FOREIGN KEY ("product_id")
  REFERENCES "products" ("id")
 /*application='ShopOnRails'*/[0m
  [1m[35m (2.2ms)[0m  [1m[35mALTER TABLE "product_rates" ADD CONSTRAINT "fk_rails_ebe5f36a38"
FOREIGN KEY ("user_id")
  REFERENCES "users" ("id")
 /*application='ShopOnRails'*/[0m
  [1m[35m (2.4ms)[0m  [1m[35mALTER TABLE "reset_codes" ADD CONSTRAINT "fk_rails_7cb23abc6e"
FOREIGN KEY ("user_id")
  REFERENCES "users" ("id")
 /*application='ShopOnRails'*/[0m
  [1m[35m (2.3ms)[0m  [1m[35mALTER TABLE "second_factor_codes" ADD CONSTRAINT "fk_rails_2a2d224c64"
FOREIGN KEY ("user_id")
  REFERENCES "users" ("id")
 /*application='ShopOnRails'*/[0m
  [1m[35m (3.3ms)[0m  [1m[35mALTER TABLE "user_actions" ADD CONSTRAINT "fk_rails_03991e1c48"
FOREIGN KEY ("user_id")
  REFERENCES "users" ("id")
 /*application='ShopOnRails'*/[0m
  [1m[35m (2.7ms)[0m  [1m[35mALTER TABLE "user_details" ADD CONSTRAINT "fk_rails_12e0b3043d"
FOREIGN KEY ("user_id")
  REFERENCES "users" ("id")
 /*application='ShopOnRails'*/[0m
  [1m[35m (2.5ms)[0m  [1m[35mALTER TABLE "user_settings" ADD CONSTRAINT "fk_rails_d1371c6356"
FOREIGN KEY ("user_id")
  REFERENCES "users" ("id")
 /*application='ShopOnRails'*/[0m
  [1m[35m (3.0ms)[0m  [1m[35mALTER TABLE "verification_codes" ADD CONSTRAINT "fk_rails_28623a8649"
FOREIGN KEY ("user_id")
  REFERENCES "users" ("id")
 /*application='ShopOnRails'*/[0m
  [1m[35m (7.8ms)[0m  [1m[35mCREATE TABLE "schema_migrations" ("version" character varying NOT NULL PRIMARY KEY) /*application='ShopOnRails'*/[0m
  [1m[36mActiveRecord::SchemaMigration Load (0.7ms)[0m  [1m[34mSELECT "schema_migrations"."version" FROM "schema_migrations" ORDER BY "schema_migrations"."version" ASC /*application='ShopOnRails'*/[0m
  [1m[35m (2.0ms)[0m  [1m[32mINSERT INTO "schema_migrations" (version) VALUES (20250723114315) /*application='ShopOnRails'*/[0m
  [1m[35m (1.3ms)[0m  [1m[32mINSERT INTO "schema_migrations" (version) VALUES
(20250723103105),
(20250723080402),
(20250722204545),
(20250722203201),
(20250722203150),
(20250722203048),
(20250722203038),
(20250722202921),
(20250722202246),
(20250722201944),
(20250722201727),
(20250722201642),
(20250722201559),
(20250722201547),
(20250722201507),
(20250722200003),
(20250626205336),
(20250626204718),
(20250605183843); /*application='ShopOnRails'*/[0m
  [1m[35m (6.7ms)[0m  [1m[35mCREATE TABLE "ar_internal_metadata" ("key" character varying NOT NULL PRIMARY KEY, "value" character varying, "created_at" timestamp(6) NOT NULL, "updated_at" timestamp(6) NOT NULL) /*application='ShopOnRails'*/[0m
  [1m[36mActiveRecord::InternalMetadata Load (1.4ms)[0m  [1m[34mSELECT * FROM "ar_internal_metadata" WHERE "ar_internal_metadata"."key" = 'environment' ORDER BY "ar_internal_metadata"."key" ASC LIMIT 1 /*application='ShopOnRails'*/[0m
  [1m[36mActiveRecord::InternalMetadata Create (1.4ms)[0m  [1m[32mINSERT INTO "ar_internal_metadata" ("key", "value", "created_at", "updated_at") VALUES ('environment', 'development', '2025-07-25 18:40:42.415740', '2025-07-25 18:40:42.415741') RETURNING "key" /*application='ShopOnRails'*/[0m
  [1m[36mActiveRecord::InternalMetadata Load (0.3ms)[0m  [1m[34mSELECT * FROM "ar_internal_metadata" WHERE "ar_internal_metadata"."key" = 'environment' ORDER BY "ar_internal_metadata"."key" ASC LIMIT 1 /*application='ShopOnRails'*/[0m
  [1m[36mActiveRecord::InternalMetadata Update (1.3ms)[0m  [1m[33mUPDATE "ar_internal_metadata" SET "value" = 'test', "updated_at" = '2025-07-25 18:40:42.419365' WHERE "ar_internal_metadata"."key" = 'environment' /*application='ShopOnRails'*/[0m
  [1m[36mActiveRecord::InternalMetadata Load (0.3ms)[0m  [1m[34mSELECT * FROM "ar_internal_metadata" WHERE "ar_internal_metadata"."key" = 'schema_sha1' ORDER BY "ar_internal_metadata"."key" ASC LIMIT 1 /*application='ShopOnRails'*/[0m
  [1m[36mActiveRecord::InternalMetadata Create (1.3ms)[0m  [1m[32mINSERT INTO "ar_internal_metadata" ("key", "value", "created_at", "updated_at") VALUES ('schema_sha1', '215aeeac31fbb75104194ee315d043e410edd027', '2025-07-25 18:40:42.421726', '2025-07-25 18:40:42.421727') RETURNING "key" /*application='ShopOnRails'*/[0m
Twilio client initialized successfully.
  [1m[35m (0.3ms)[0m  [1m[34mSELECT pg_try_advisory_lock(4042432855537643385) /*application='ShopOnRails'*/[0m
  [1m[36mActiveRecord::SchemaMigration Load (1.7ms)[0m  [1m[34mSELECT "schema_migrations"."version" FROM "schema_migrations" ORDER BY "schema_migrations"."version" ASC /*application='ShopOnRails'*/[0m
  [1m[36mActiveRecord::InternalMetadata Load (1.5ms)[0m  [1m[34mSELECT * FROM "ar_internal_metadata" WHERE "ar_internal_metadata"."key" = 'environment' ORDER BY "ar_internal_metadata"."key" ASC LIMIT 1 /*application='ShopOnRails'*/[0m
  [1m[35m (0.3ms)[0m  [1m[34mSELECT pg_advisory_unlock(4042432855537643385) /*application='ShopOnRails'*/[0m
  [1m[36mActiveRecord::SchemaMigration Load (0.3ms)[0m  [1m[34mSELECT "schema_migrations"."version" FROM "schema_migrations" ORDER BY "schema_migrations"."version" ASC /*application='ShopOnRails'*/[0m
Twilio client initialized successfully.
  [1m[35m (0.3ms)[0m  [1m[34mSELECT pg_try_advisory_lock(4042432855537643385) /*application='ShopOnRails'*/[0m
  [1m[36mActiveRecord::SchemaMigration Load (1.6ms)[0m  [1m[34mSELECT "schema_migrations"."version" FROM "schema_migrations" ORDER BY "schema_migrations"."version" ASC /*application='ShopOnRails'*/[0m
  [1m[36mActiveRecord::InternalMetadata Load (1.5ms)[0m  [1m[34mSELECT * FROM "ar_internal_metadata" WHERE "ar_internal_metadata"."key" = 'environment' ORDER BY "ar_internal_metadata"."key" ASC LIMIT 1 /*application='ShopOnRails'*/[0m
  [1m[35m (0.4ms)[0m  [1m[34mSELECT pg_advisory_unlock(4042432855537643385) /*application='ShopOnRails'*/[0m
  [1m[36mActiveRecord::SchemaMigration Load (0.4ms)[0m  [1m[34mSELECT "schema_migrations"."version" FROM "schema_migrations" ORDER BY "schema_migrations"."version" ASC /*application='ShopOnRails'*/[0m
Twilio client initialized successfully.
  [1m[36mCACHE ActiveRecord::SchemaMigration Load (0.5ms)[0m  [1m[34mSELECT "schema_migrations"."version" FROM "schema_migrations" ORDER BY "schema_migrations"."version" ASC[0m
Twilio client initialized successfully.
  [1m[35m (0.3ms)[0m  [1m[34mSELECT pg_try_advisory_lock(4042432855537643385) /*application='ShopOnRails'*/[0m
  [1m[36mActiveRecord::SchemaMigration Load (1.7ms)[0m  [1m[34mSELECT "schema_migrations"."version" FROM "schema_migrations" ORDER BY "schema_migrations"."version" ASC /*application='ShopOnRails'*/[0m
  [1m[36mActiveRecord::InternalMetadata Load (1.5ms)[0m  [1m[34mSELECT * FROM "ar_internal_metadata" WHERE "ar_internal_metadata"."key" = 'environment' ORDER BY "ar_internal_metadata"."key" ASC LIMIT 1 /*application='ShopOnRails'*/[0m
Migrating to AddReferencesToProductLikes (20250725184222)
  [1m[36mTRANSACTION (0.2ms)[0m  [1m[35mBEGIN /*application='ShopOnRails'*/[0m
  [1m[35m (2.8ms)[0m  [1m[35mALTER TABLE "product_likes" ADD "user_id" bigint NOT NULL /*application='ShopOnRails'*/[0m
  [1m[35m (6.3ms)[0m  [1m[35mCREATE INDEX "index_product_likes_on_user_id" ON "product_likes" ("user_id") /*application='ShopOnRails'*/[0m
  [1m[35m (6.9ms)[0m  [1m[35mALTER TABLE "product_likes" ADD CONSTRAINT "fk_rails_49ea2ec7ed"
FOREIGN KEY ("user_id")
  REFERENCES "users" ("id")
 /*application='ShopOnRails'*/[0m
  [1m[35m (0.5ms)[0m  [1m[35mALTER TABLE "product_likes" ADD "product_id" bigint NOT NULL /*application='ShopOnRails'*/[0m
  [1m[35m (6.0ms)[0m  [1m[35mCREATE INDEX "index_product_likes_on_product_id" ON "product_likes" ("product_id") /*application='ShopOnRails'*/[0m
  [1m[35m (1.3ms)[0m  [1m[35mALTER TABLE "product_likes" ADD CONSTRAINT "fk_rails_9fdc191f6f"
FOREIGN KEY ("product_id")
  REFERENCES "products" ("id")
 /*application='ShopOnRails'*/[0m
  [1m[36mTRANSACTION (0.3ms)[0m  [1m[31mROLLBACK /*application='ShopOnRails'*/[0m
  [1m[35m (0.3ms)[0m  [1m[34mSELECT pg_advisory_unlock(4042432855537643385) /*application='ShopOnRails'*/[0m
Twilio client initialized successfully.
  [1m[35m (0.3ms)[0m  [1m[34mSELECT pg_try_advisory_lock(4042432855537643385) /*application='ShopOnRails'*/[0m
  [1m[36mActiveRecord::SchemaMigration Load (1.6ms)[0m  [1m[34mSELECT "schema_migrations"."version" FROM "schema_migrations" ORDER BY "schema_migrations"."version" ASC /*application='ShopOnRails'*/[0m
  [1m[36mActiveRecord::InternalMetadata Load (1.5ms)[0m  [1m[34mSELECT * FROM "ar_internal_metadata" WHERE "ar_internal_metadata"."key" = 'environment' ORDER BY "ar_internal_metadata"."key" ASC LIMIT 1 /*application='ShopOnRails'*/[0m
Migrating to AddReferencesToProductLikes (20250725184222)
  [1m[36mTRANSACTION (0.2ms)[0m  [1m[35mBEGIN /*application='ShopOnRails'*/[0m
  [1m[35m (1.6ms)[0m  [1m[35mALTER TABLE "product_likes" ADD "user_id" bigint NOT NULL /*application='ShopOnRails'*/[0m
  [1m[35m (6.7ms)[0m  [1m[35mCREATE INDEX "index_product_likes_on_user_id" ON "product_likes" ("user_id") /*application='ShopOnRails'*/[0m
  [1m[35m (3.9ms)[0m  [1m[35mALTER TABLE "product_likes" ADD CONSTRAINT "fk_rails_49ea2ec7ed"
FOREIGN KEY ("user_id")
  REFERENCES "users" ("id")
 /*application='ShopOnRails'*/[0m
  [1m[35m (0.6ms)[0m  [1m[35mALTER TABLE "product_likes" ADD "product_id" bigint NOT NULL /*application='ShopOnRails'*/[0m
  [1m[35m (3.2ms)[0m  [1m[35mCREATE INDEX "index_product_likes_on_product_id" ON "product_likes" ("product_id") /*application='ShopOnRails'*/[0m
  [1m[35m (1.1ms)[0m  [1m[35mALTER TABLE "product_likes" ADD CONSTRAINT "fk_rails_9fdc191f6f"
FOREIGN KEY ("product_id")
  REFERENCES "products" ("id")
 /*application='ShopOnRails'*/[0m
  [1m[36mTRANSACTION (0.2ms)[0m  [1m[31mROLLBACK /*application='ShopOnRails'*/[0m
  [1m[35m (0.3ms)[0m  [1m[34mSELECT pg_advisory_unlock(4042432855537643385) /*application='ShopOnRails'*/[0m
